// Jest Snapshot v1, https://goo.gl/fbAQLP

exports[`PersonForm 렌더링 테스트 1`] = `
<RCTSafeAreaView
  accessible={true}
  focusable={true}
  onClick={[Function]}
  onResponderGrant={[Function]}
  onResponderMove={[Function]}
  onResponderRelease={[Function]}
  onResponderTerminate={[Function]}
  onResponderTerminationRequest={[Function]}
  onStartShouldSetResponder={[Function]}
  style={
    {
      "alignItems": "center",
      "flex": 1,
      "justifyContent": "center",
      "margin": 20,
    }
  }
>
  <View
    onLayout={[Function]}
    style={
      {
        "width": "100%",
      }
    }
  >
    <View
      style={
        {
          "bottom": 0,
        }
      }
    >
      <View
        collapsable={false}
        style={
          {
            "marginVertical": 16,
            "transform": [
              {
                "translateX": 0,
              },
            ],
            "width": "100%",
          }
        }
      >
        <View
          style={
            {
              "flexDirection": "row",
              "justifyContent": "space-between",
              "marginBottom": 10,
            }
          }
        >
          <Text
            style={
              {
                "color": "black",
                "fontSize": 16,
                "fontWeight": "bold",
              }
            }
          >
            이름
          </Text>
          <Text
            style={
              {
                "fontWeight": "300",
                "marginLeft": 20,
              }
            }
          />
        </View>
        <TextInput
          accessibilityHint=""
          autoCapitalize="none"
          onChangeText={[Function]}
          onSubmitEditing={[Function]}
          placeholder="enter your name..."
          style={
            {
              "backgroundColor": "white",
              "borderColor": "#000",
              "borderRadius": 6,
              "borderWidth": 1,
              "fontSize": 18,
              "padding": 10,
            }
          }
        />
      </View>
      <View
        style={
          {
            "marginBottom": 10,
          }
        }
      />
      <View
        collapsable={false}
        style={
          {
            "marginVertical": 16,
            "transform": [
              {
                "translateX": 0,
              },
            ],
            "width": "100%",
          }
        }
      >
        <View
          style={
            {
              "flexDirection": "row",
              "justifyContent": "space-between",
              "marginBottom": 10,
            }
          }
        >
          <Text
            style={
              {
                "color": "black",
                "fontSize": 16,
                "fontWeight": "bold",
              }
            }
          >
            나이
          </Text>
          <Text
            style={
              {
                "fontWeight": "300",
                "marginLeft": 20,
              }
            }
          >
            숫자만 입력
          </Text>
        </View>
        <TextInput
          accessibilityHint=""
          autoCapitalize="none"
          keyboardType="number-pad"
          onChangeText={[Function]}
          onSubmitEditing={[Function]}
          placeholder="enter your age..."
          style={
            {
              "backgroundColor": "white",
              "borderColor": "#000",
              "borderRadius": 6,
              "borderWidth": 1,
              "fontSize": 18,
              "padding": 10,
            }
          }
        />
      </View>
      <View
        style={
          {
            "marginBottom": 10,
          }
        }
      />
      <Text
        style={
          {
            "color": "#000",
            "fontSize": 16,
            "fontWeight": "bold",
            "marginBottom": 10,
          }
        }
      >
        성별
      </Text>
      <View
        style={
          [
            undefined,
            undefined,
            false,
          ]
        }
      >
        <View>
          <View
            style={
              [
                {
                  "flexDirection": "row",
                  "marginBottom": 5,
                },
                undefined,
                false,
              ]
            }
          >
            <View>
              <View
                accessibilityLabel="radioButtonInput0"
                accessible={true}
                collapsable={false}
                focusable={true}
                onClick={[Function]}
                onResponderGrant={[Function]}
                onResponderMove={[Function]}
                onResponderRelease={[Function]}
                onResponderTerminate={[Function]}
                onResponderTerminationRequest={[Function]}
                onStartShouldSetResponder={[Function]}
                style={
                  {
                    "alignItems": "center",
                    "alignSelf": "center",
                    "borderColor": "#2196f3",
                    "borderRadius": 15,
                    "borderWidth": 3,
                    "height": 30,
                    "justifyContent": "center",
                    "opacity": 1,
                    "width": 30,
                  }
                }
                testID="genderRadioBtnInputgenderRadioBtn|0"
              >
                <View
                  style={
                    [
                      {
                        "borderRadius": 10,
                      },
                      {
                        "backgroundColor": "#2196f3",
                        "height": 20,
                        "width": 20,
                      },
                      {
                        "borderRadius": 10,
                        "height": 20,
                        "width": 20,
                      },
                      {
                        "backgroundColor": "#2196f3",
                      },
                    ]
                  }
                />
              </View>
            </View>
            <View
              accessibilityLabel="radioButtonLabel0"
              accessible={true}
              focusable={true}
              onClick={[Function]}
              onResponderGrant={[Function]}
              onResponderMove={[Function]}
              onResponderRelease={[Function]}
              onResponderTerminate={[Function]}
              onResponderTerminationRequest={[Function]}
              onStartShouldSetResponder={[Function]}
              style={
                [
                  undefined,
                  {
                    "alignItems": "center",
                    "alignSelf": "center",
                    "flexDirection": "row",
                  },
                ]
              }
              testID="genderRadioBtnLabelgenderRadioBtn|0"
            >
              <Text
                style={
                  [
                    {
                      "lineHeight": 20,
                      "paddingLeft": 10,
                    },
                    false,
                    {
                      "color": "#000",
                    },
                    undefined,
                  ]
                }
              >
                남성
              </Text>
            </View>
          </View>
        </View>
        <View>
          <View
            style={
              [
                {
                  "flexDirection": "row",
                  "marginBottom": 5,
                },
                undefined,
                false,
              ]
            }
          >
            <View>
              <View
                accessibilityLabel="radioButtonInput1"
                accessible={true}
                collapsable={false}
                focusable={true}
                onClick={[Function]}
                onResponderGrant={[Function]}
                onResponderMove={[Function]}
                onResponderRelease={[Function]}
                onResponderTerminate={[Function]}
                onResponderTerminationRequest={[Function]}
                onStartShouldSetResponder={[Function]}
                style={
                  {
                    "alignItems": "center",
                    "alignSelf": "center",
                    "borderColor": "#2196f3",
                    "borderRadius": 15,
                    "borderWidth": 3,
                    "height": 30,
                    "justifyContent": "center",
                    "opacity": 1,
                    "width": 30,
                  }
                }
                testID="genderRadioBtnInputgenderRadioBtn|1"
              >
                <View
                  style={
                    [
                      {
                        "borderRadius": 10,
                      },
                      false,
                      false,
                      false,
                    ]
                  }
                />
              </View>
            </View>
            <View
              accessibilityLabel="radioButtonLabel1"
              accessible={true}
              focusable={true}
              onClick={[Function]}
              onResponderGrant={[Function]}
              onResponderMove={[Function]}
              onResponderRelease={[Function]}
              onResponderTerminate={[Function]}
              onResponderTerminationRequest={[Function]}
              onStartShouldSetResponder={[Function]}
              style={
                [
                  undefined,
                  {
                    "alignItems": "center",
                    "alignSelf": "center",
                    "flexDirection": "row",
                  },
                ]
              }
              testID="genderRadioBtnLabelgenderRadioBtn|1"
            >
              <Text
                style={
                  [
                    {
                      "lineHeight": 20,
                      "paddingLeft": 10,
                    },
                    false,
                    {
                      "color": "#000",
                    },
                    undefined,
                  ]
                }
              >
                여성
              </Text>
            </View>
          </View>
        </View>
      </View>
      <View
        accessibilityHint="addBtn"
        accessible={true}
        collapsable={false}
        focusable={true}
        onClick={[Function]}
        onResponderGrant={[Function]}
        onResponderMove={[Function]}
        onResponderRelease={[Function]}
        onResponderTerminate={[Function]}
        onResponderTerminationRequest={[Function]}
        onStartShouldSetResponder={[Function]}
        style={
          {
            "opacity": 1,
          }
        }
      >
        <Text>
          TestingBtn
        </Text>
      </View>
    </View>
  </View>
</RCTSafeAreaView>
`;
